
> magic-book-powersports-beta@4.1.0 test
> node --experimental-strip-types --test tests/*.test.mjs

TAP version 13
# (node:843) ExperimentalWarning: Type Stripping is an experimental feature and might change at any time
# (Use `node --trace-warnings ...` to show where the warning was created)
# Subtest: Splash dismisses only when every readiness condition is satisfied
ok 1 - Splash dismisses only when every readiness condition is satisfied
  ---
  duration_ms: 0.726801
  type: 'test'
  ...
# Subtest: A completed video cannot bypass actual app initialization
ok 2 - A completed video cannot bypass actual app initialization
  ---
  duration_ms: 0.125765
  type: 'test'
  ...
# Subtest: An app in the background never finishes the transition
ok 3 - An app in the background never finishes the transition
  ---
  duration_ms: 0.128329
  type: 'test'
  ...
# Subtest: Deadline returns the real operation result
ok 4 - Deadline returns the real operation result
  ---
  duration_ms: 0.27873
  type: 'test'
  ...
# Subtest: Deadline terminates an operation that ignores abort
ok 5 - Deadline terminates an operation that ignores abort
  ---
  duration_ms: 15.08434
  type: 'test'
  ...
# Subtest: Deadline aborts the underlying request
ok 6 - Deadline aborts the underlying request
  ---
  duration_ms: 14.618764
  type: 'test'
  ...
# Subtest: An already aborted parent never starts the operation
ok 7 - An already aborted parent never starts the operation
  ---
  duration_ms: 0.42811
  type: 'test'
  ...
# Subtest: A parent abort cancels a pending operation
ok 8 - A parent abort cancels a pending operation
  ---
  duration_ms: 0.344757
  type: 'test'
  ...
# Subtest: Invalid deadline is rejected
ok 9 - Invalid deadline is rejected
  ---
  duration_ms: 0.176419
  type: 'test'
  ...
# (node:844) ExperimentalWarning: Type Stripping is an experimental feature and might change at any time
# (Use `node --trace-warnings ...` to show where the warning was created)
# Subtest: Optional empty VIN is accepted
ok 10 - Optional empty VIN is accepted
  ---
  duration_ms: 1.181579
  type: 'test'
  ...
# Subtest: Empty required vehicle fields return errors
ok 11 - Empty required vehicle fields return errors
  ---
  duration_ms: 0.200015
  type: 'test'
  ...
# Subtest: VIN is normalized without inventing a decoded vehicle
ok 12 - VIN is normalized without inventing a decoded vehicle
  ---
  duration_ms: 0.08803
  type: 'test'
  ...
# Subtest: Invalid VIN characters or length are rejected
ok 13 - Invalid VIN characters or length are rejected
  ---
  duration_ms: 0.150101
  type: 'test'
  ...
# Subtest: Decimal engine hours are accepted; negative usage is rejected
ok 14 - Decimal engine hours are accepted; negative usage is rejected
  ---
  duration_ms: 0.228247
  type: 'test'
  ...
# Subtest: Non-numeric or implausible years are rejected
ok 15 - Non-numeric or implausible years are rejected
  ---
  duration_ms: 0.159355
  type: 'test'
  ...
# Subtest: Invalid or inverted valuation responses are rejected
ok 16 - Invalid or inverted valuation responses are rejected
  ---
  duration_ms: 0.123602
  type: 'test'
  ...
# Subtest: Preview never grants PRO, invents records or enables valuation
ok 17 - Preview never grants PRO, invents records or enables valuation
  ---
  duration_ms: 0.512264
  type: 'test'
  ...
1..17
# tests 17
# suites 0
# pass 17
# fail 0
# cancelled 0
# skipped 0
# todo 0
# duration_ms 123.692929
